============================================================
  Generated by:           Genus(TM) Synthesis Solution 19.14-s108_1
  Generated on:           Aug 28 2026  10:09:47 pm
  Module:                 tp_lvl
  Technology library:     slow_vdd1v0 1.0
  Operating conditions:   PVT_0P9V_125C (balanced_tree)
  Wireload mode:          enclosed
  Area mode:              timing library
============================================================

                               
   Gate    Instances    Area       Library    
----------------------------------------------
ADDHX1             1     3.762    slow_vdd1v0 
AND2X1             7     9.576    slow_vdd1v0 
AND2X4             1     2.736    slow_vdd1v0 
AND2X6            38   142.956    slow_vdd1v0 
AND2XL             5     6.840    slow_vdd1v0 
AND3X6             2     8.892    slow_vdd1v0 
AND3XL             2     4.104    slow_vdd1v0 
AOI21X1           14    23.940    slow_vdd1v0 
AOI21XL           29    49.590    slow_vdd1v0 
AOI221X1           4     9.576    slow_vdd1v0 
AOI22X1            6    12.312    slow_vdd1v0 
AOI32X1            2     4.788    slow_vdd1v0 
AOI33XL            2     4.788    slow_vdd1v0 
BUFX6             39   120.042    slow_vdd1v0 
DFFRHQX1          63   387.828    slow_vdd1v0 
DFFRX1            14    95.760    slow_vdd1v0 
INVX1             61    41.724    slow_vdd1v0 
INVXL              5     3.420    slow_vdd1v0 
MX2XL              2     4.788    slow_vdd1v0 
MXI2XL             3     7.182    slow_vdd1v0 
NAND2BX1           9    12.312    slow_vdd1v0 
NAND2X1          101   103.626    slow_vdd1v0 
NAND2X2            1     1.710    slow_vdd1v0 
NAND2XL            3     3.078    slow_vdd1v0 
NAND3BXL           3     5.130    slow_vdd1v0 
NAND3X1            3     5.130    slow_vdd1v0 
NAND4BBXL          1     3.078    slow_vdd1v0 
NAND4XL            4     6.840    slow_vdd1v0 
NOR2BX1           14    19.152    slow_vdd1v0 
NOR2X1            23    23.598    slow_vdd1v0 
NOR2X2             2     3.420    slow_vdd1v0 
NOR2XL             6     6.156    slow_vdd1v0 
NOR3BX1            2     4.104    slow_vdd1v0 
NOR3X1             2     3.420    slow_vdd1v0 
NOR4BBX1           1     2.736    slow_vdd1v0 
NOR4BX1            5    11.970    slow_vdd1v0 
NOR4X1            10    17.100    slow_vdd1v0 
OA22X1             1     2.394    slow_vdd1v0 
OAI211X1          48    82.080    slow_vdd1v0 
OAI21X1            2     3.420    slow_vdd1v0 
OAI221X1           2     4.788    slow_vdd1v0 
OAI22X1            3     6.156    slow_vdd1v0 
OAI2BB1X1          7    11.970    slow_vdd1v0 
OAI31X1            4     8.208    slow_vdd1v0 
OAI32X1            1     2.394    slow_vdd1v0 
OAI33X1            1     2.736    slow_vdd1v0 
OR2X1              2     2.736    slow_vdd1v0 
OR2X2              1     1.710    slow_vdd1v0 
OR2X6              6    22.572    slow_vdd1v0 
OR2XL             10    13.680    slow_vdd1v0 
OR3X1              2     4.104    slow_vdd1v0 
OR3X6              1     4.788    slow_vdd1v0 
OR3XL              1     2.052    slow_vdd1v0 
OR4X1              4     8.208    slow_vdd1v0 
SDFFRHQX1         38   311.904    slow_vdd1v0 
TIEHI              1     1.026    slow_vdd1v0 
TIELO              1     1.026    slow_vdd1v0 
XNOR2X1           12    28.728    slow_vdd1v0 
----------------------------------------------
total            638  1703.844                


                                         
     Type      Instances   Area   Area % 
-----------------------------------------
sequential           115  795.492   46.7 
inverter              66   45.144    2.6 
buffer                39  120.042    7.0 
logic                418  743.166   43.6 
physical_cells         0    0.000    0.0 
-----------------------------------------
total                638 1703.844  100.0 

