============================================================
  Generated by:           Genus(TM) Synthesis Solution 19.14-s108_1
  Generated on:           Aug 29 2026  03:01:06 pm
  Module:                 tp_lvl
  Operating conditions:   PVT_0P9V_125C (balanced_tree)
  Wireload mode:          enclosed
  Area mode:              timing library
============================================================


Path 1: MET (4069 ps) Late External Delay Assertion at pin s_wready
          Group: io_virtual_clk
     Startpoint: (R) s_wvalid
          Clock: (R) io_virtual_clk
       Endpoint: (R) s_wready
          Clock: (R) io_virtual_clk

                     Capture       Launch     
        Clock Edge:+   10000            0     
        Drv Adjust:+       0           14     
       Src Latency:+       0            0     
       Net Latency:+       0 (I)        0 (I) 
           Arrival:=   10000           14     
                                              
      Output Delay:-    2500                  
     Required Time:=    7500                  
      Launch Clock:-      14                  
       Input Delay:-    2500                  
         Data Path:-     917                  
             Slack:=    4069                  

Exceptions/Constraints:
  input_delay              2500            in_del_36_1  
  output_delay             2500            ou_del_157_1 

#----------------------------------------------------------------------------------------
# Timing Point   Flags    Arc   Edge   Cell     Fanout Load Trans Delay Arrival Instance 
#                                                      (fF)  (ps)  (ps)   (ps)  Location 
#----------------------------------------------------------------------------------------
  s_wvalid       -       -      R     (arrival)      4  1.2    37     0    2514    (-,-) 
  g2/Y           -       AN->Y  R     NOR3BX1        3  0.6    93   146    2660    (-,-) 
  u_wr_g1937/Y   -       A->Y   R     AND2X1         2  8.2   184   241    2901    (-,-) 
  u_wr_g2714/Y   -       A1N->Y R     OAI2BB1X1      2  0.4    30   198    3098    (-,-) 
  u_wr_g2697/Y   -       B->Y   R     AND3X1         9 10.6   242   333    3431    (-,-) 
  s_wready       <<<     -      R     (port)         -    -     -     0    3431    (-,-) 
#----------------------------------------------------------------------------------------

