============================================================
  Generated by:           Genus(TM) Synthesis Solution 19.14-s108_1
  Generated on:           Aug 29 2026  03:10:51 pm
  Module:                 tp_lvl
  Technology library:     slow_vdd1v0 1.0
  Operating conditions:   PVT_0P9V_125C (balanced_tree)
  Wireload mode:          enclosed
  Area mode:              timing library
============================================================

                               
   Gate    Instances    Area       Library    
----------------------------------------------
ADDFX1             2    10.260    slow_vdd1v0 
AND2X1            39    53.352    slow_vdd1v0 
AND2XL             3     4.104    slow_vdd1v0 
AND3X1             1     2.394    slow_vdd1v0 
AND4XL             2     4.788    slow_vdd1v0 
AO21X1             2     4.788    slow_vdd1v0 
AO22XL             4    10.944    slow_vdd1v0 
AOI21X1            5     8.550    slow_vdd1v0 
AOI21XL           26    44.460    slow_vdd1v0 
AOI221X1           3     7.182    slow_vdd1v0 
AOI222X1           1     3.078    slow_vdd1v0 
AOI22X1            2     4.104    slow_vdd1v0 
AOI2BB1XL          3     6.156    slow_vdd1v0 
AOI32X1            4     9.576    slow_vdd1v0 
CLKAND2X2          6    12.312    slow_vdd1v0 
CLKBUFX2           1     1.710    slow_vdd1v0 
CLKXOR2X1          1     2.736    slow_vdd1v0 
DFFRHQX1          52   320.112    slow_vdd1v0 
DFFRX1            23   157.320    slow_vdd1v0 
INVX1             40    27.360    slow_vdd1v0 
INVXL              5     3.420    slow_vdd1v0 
MX2X1              1     2.394    slow_vdd1v0 
MX2XL              9    21.546    slow_vdd1v0 
MXI2XL             5    11.970    slow_vdd1v0 
NAND2BX1          14    19.152    slow_vdd1v0 
NAND2X1           49    50.274    slow_vdd1v0 
NAND2X2            3     5.130    slow_vdd1v0 
NAND2XL           19    19.494    slow_vdd1v0 
NAND3BX2           1     3.078    slow_vdd1v0 
NAND3BXL           2     3.420    slow_vdd1v0 
NAND3X1            1     1.710    slow_vdd1v0 
NAND4XL            1     1.710    slow_vdd1v0 
NOR2BX1           23    31.464    slow_vdd1v0 
NOR2BX2            1     2.736    slow_vdd1v0 
NOR2X1            24    24.624    slow_vdd1v0 
NOR2X2             3     5.130    slow_vdd1v0 
NOR2X4             1     3.078    slow_vdd1v0 
NOR2XL             8     8.208    slow_vdd1v0 
NOR3BX1            2     4.104    slow_vdd1v0 
NOR3BXL            1     2.052    slow_vdd1v0 
NOR3X1             3     5.130    slow_vdd1v0 
NOR4BX1            2     4.788    slow_vdd1v0 
NOR4X1             9    15.390    slow_vdd1v0 
OA21X1             3     6.156    slow_vdd1v0 
OA22X1             1     2.394    slow_vdd1v0 
OAI211X1          30    51.300    slow_vdd1v0 
OAI21X1            2     3.420    slow_vdd1v0 
OAI21XL            1     1.710    slow_vdd1v0 
OAI222X1           3     8.208    slow_vdd1v0 
OAI22X1            5    10.260    slow_vdd1v0 
OAI22XL           10    20.520    slow_vdd1v0 
OAI2BB1X1          2     3.420    slow_vdd1v0 
OAI31X1            1     2.052    slow_vdd1v0 
OAI32X1            4     9.576    slow_vdd1v0 
OAI33X1            1     2.736    slow_vdd1v0 
OR2X1              8    10.944    slow_vdd1v0 
OR2X2              1     1.710    slow_vdd1v0 
OR2XL             13    17.784    slow_vdd1v0 
OR3X1              2     4.104    slow_vdd1v0 
OR3XL              1     2.052    slow_vdd1v0 
OR4X1              7    14.364    slow_vdd1v0 
SDFFRHQX1         40   328.320    slow_vdd1v0 
TIELO              1     1.026    slow_vdd1v0 
XNOR2X1            9    21.546    slow_vdd1v0 
XOR2XL             2     5.472    slow_vdd1v0 
----------------------------------------------
total            554  1474.362                


                                         
     Type      Instances   Area   Area % 
-----------------------------------------
sequential           115  805.752   54.7 
inverter              45   30.780    2.1 
buffer                 1    1.710    0.1 
logic                393  636.120   43.1 
physical_cells         0    0.000    0.0 
-----------------------------------------
total                554 1474.362  100.0 

