============================================================
  Generated by:           Genus(TM) Synthesis Solution 19.14-s108_1
  Generated on:           Aug 28 2026  10:09:47 pm
  Module:                 tp_lvl
  Operating conditions:   PVT_0P9V_125C (balanced_tree)
  Wireload mode:          enclosed
  Area mode:              timing library
============================================================

Timing
--------

     Clock     Period 
----------------------
core_clk       5000.0 
io_virtual_clk 5000.0 


     Cost        Critical         Violating 
     Group      Path Slack  TNS     Paths   
--------------------------------------------
core_clk            2094.7   0.0          0 
default           No paths   0.0            
io_virtual_clk      2018.8   0.0          0 
--------------------------------------------
Total                        0.0          0 

Instance Count
--------------
Leaf Instance Count             638 
Physical Instance count           0 
Sequential Instance Count       115 
Combinational Instance Count    523 
Hierarchical Instance Count       0 

Area
----
Cell Area                          1703.844
Physical Cell Area                 0.000
Total Cell Area (Cell+Physical)    1703.844
Net Area                           0.000
Total Area (Cell+Physical+Net)     1703.844

Max Fanout                         115 (clk)
Min Fanout                         0 (u_wr_downstream_aw_done)
Average Fanout                     2.1
Terms to net ratio                 2.8278
Terms to instance ratio            3.6034
Runtime                            14.084484 seconds
Elapsed Runtime                    18 seconds
Genus peak memory usage            1059.29 
Innovus peak memory usage          no_value 
Hostname                           ssh-soc.ece.ubc.ca
