============================================================
  Generated by:           Genus(TM) Synthesis Solution 19.14-s108_1
  Generated on:           Aug 28 2026  10:09:47 pm
  Module:                 tp_lvl
  Operating conditions:   PVT_0P9V_125C (balanced_tree)
  Wireload mode:          enclosed
  Area mode:              timing library
============================================================


Path 1: MET (2019 ps) Late External Delay Assertion at pin s_wready
          Group: io_virtual_clk
     Startpoint: (R) s_wvalid
          Clock: (R) io_virtual_clk
       Endpoint: (R) s_wready
          Clock: (R) io_virtual_clk

                     Capture       Launch     
        Clock Edge:+    5000            0     
        Drv Adjust:+       0            0     
       Src Latency:+       0            0     
       Net Latency:+       0 (I)        0 (I) 
           Arrival:=    5000            0     
                                              
      Output Delay:-    1000                  
     Required Time:=    4000                  
      Launch Clock:-       0                  
       Input Delay:-    1000                  
         Data Path:-     981                  
             Slack:=    2019                  

Exceptions/Constraints:
  input_delay              1000            in_del_36_1  
  output_delay             1000            ou_del_157_1 

#----------------------------------------------------------------------------------------
# Timing Point   Flags    Arc   Edge   Cell     Fanout Load Trans Delay Arrival Instance 
#                                                      (fF)  (ps)  (ps)   (ps)  Location 
#----------------------------------------------------------------------------------------
  s_wvalid       -       -      R     (arrival)      5  1.4     0     0    1000    (-,-) 
  u_wr_g1937/Y   -       A->Y   F     NAND2X1        1  0.4    59    49    1049    (-,-) 
  g2/Y           -       A->Y   R     NOR2X1         3  2.4   134   122    1170    (-,-) 
  u_wr_g1934/Y   -       B->Y   R     AND2X6         2 50.2   198   276    1446    (-,-) 
  u_wr_g2707/Y   -       A1N->Y R     OAI2BB1X1      2  1.0    42   211    1657    (-,-) 
  u_wr_g2692/Y   -       B->Y   R     AND3X6         3 50.4   214   325    1981    (-,-) 
  s_wready       <<<     -      R     (port)         -    -     -     0    1981    (-,-) 
#----------------------------------------------------------------------------------------

