============================================================
  Generated by:           Genus(TM) Synthesis Solution 19.14-s108_1
  Generated on:           Aug 29 2026  03:01:06 pm
  Module:                 tp_lvl
  Technology library:     slow_vdd1v0 1.0
  Operating conditions:   PVT_0P9V_125C (balanced_tree)
  Wireload mode:          enclosed
  Area mode:              timing library
============================================================

                               
   Gate    Instances    Area       Library    
----------------------------------------------
AND2X1            41    56.088    slow_vdd1v0 
AND2XL             6     8.208    slow_vdd1v0 
AND3X1             1     2.394    slow_vdd1v0 
AO21X1             3     7.182    slow_vdd1v0 
AOI211XL           1     2.052    slow_vdd1v0 
AOI21X1           16    27.360    slow_vdd1v0 
AOI21XL           27    46.170    slow_vdd1v0 
AOI221X1           3     7.182    slow_vdd1v0 
AOI22X1            7    14.364    slow_vdd1v0 
AOI22XL            1     2.052    slow_vdd1v0 
AOI33XL            1     2.394    slow_vdd1v0 
CLKBUFX2           1     1.710    slow_vdd1v0 
DFFRHQX1          63   387.828    slow_vdd1v0 
DFFRX1            15   102.600    slow_vdd1v0 
INVX1             62    42.408    slow_vdd1v0 
INVXL              4     2.736    slow_vdd1v0 
MX2XL              3     7.182    slow_vdd1v0 
MXI2XL             3     7.182    slow_vdd1v0 
NAND2BX1           4     5.472    slow_vdd1v0 
NAND2BXL           1     1.368    slow_vdd1v0 
NAND2X1           90    92.340    slow_vdd1v0 
NAND2X2            1     1.710    slow_vdd1v0 
NAND2XL           17    17.442    slow_vdd1v0 
NAND3BXL           6    10.260    slow_vdd1v0 
NAND3X1            3     5.130    slow_vdd1v0 
NAND4XL            4     6.840    slow_vdd1v0 
NOR2BX1           12    16.416    slow_vdd1v0 
NOR2BX2            1     2.736    slow_vdd1v0 
NOR2X1            24    24.624    slow_vdd1v0 
NOR2X2             1     1.710    slow_vdd1v0 
NOR2XL             7     7.182    slow_vdd1v0 
NOR3BX1            2     4.104    slow_vdd1v0 
NOR3X1             3     5.130    slow_vdd1v0 
NOR3XL             2     3.420    slow_vdd1v0 
NOR4BBX1           1     2.736    slow_vdd1v0 
NOR4BX1            5    11.970    slow_vdd1v0 
NOR4X1             9    15.390    slow_vdd1v0 
NOR4X2             1     3.420    slow_vdd1v0 
OA22X1             1     2.394    slow_vdd1v0 
OAI211X1          50    85.500    slow_vdd1v0 
OAI21X1            2     3.420    slow_vdd1v0 
OAI221X1           3     7.182    slow_vdd1v0 
OAI22X1            2     4.104    slow_vdd1v0 
OAI2BB1X1          6    10.260    slow_vdd1v0 
OAI31X1            4     8.208    slow_vdd1v0 
OAI32X1            2     4.788    slow_vdd1v0 
OAI33X1            1     2.736    slow_vdd1v0 
OR2X1              5     6.840    slow_vdd1v0 
OR2X2              1     1.710    slow_vdd1v0 
OR2XL             13    17.784    slow_vdd1v0 
OR3X1              1     2.052    slow_vdd1v0 
OR3XL              1     2.052    slow_vdd1v0 
OR4X1              5    10.260    slow_vdd1v0 
SDFFRHQX1         37   303.696    slow_vdd1v0 
TIEHI              1     1.026    slow_vdd1v0 
TIELO              1     1.026    slow_vdd1v0 
XNOR2X1           12    28.728    slow_vdd1v0 
----------------------------------------------
total            600  1470.258                


                                         
     Type      Instances   Area   Area % 
-----------------------------------------
sequential           115  794.124   54.0 
inverter              66   45.144    3.1 
buffer                 1    1.710    0.1 
logic                418  629.280   42.8 
physical_cells         0    0.000    0.0 
-----------------------------------------
total                600 1470.258  100.0 

