============================================================
  Generated by:           Genus(TM) Synthesis Solution 19.14-s108_1
  Generated on:           Aug 29 2026  03:10:51 pm
  Module:                 tp_lvl
  Operating conditions:   PVT_0P9V_125C (balanced_tree)
  Wireload mode:          enclosed
  Area mode:              timing library
============================================================


Path 1: MET (14 ps) Setup Check with Pin u_rd_timer_reg[15]/CK->D
          Group: core_clk
     Startpoint: (R) u_rd_timer_reg[1]/CK
          Clock: (R) core_clk
       Endpoint: (R) u_rd_timer_reg[15]/D
          Clock: (R) core_clk

                     Capture       Launch     
        Clock Edge:+    2500            0     
       Src Latency:+       0            0     
       Net Latency:+     313 (I)      313 (I) 
           Arrival:=    2813          313     
                                              
             Setup:-     132                  
       Uncertainty:-     312                  
     Required Time:=    2368                  
      Launch Clock:-     313                  
         Data Path:-    2042                  
             Slack:=      14                  

#---------------------------------------------------------------------------------------------
#    Timing Point      Flags   Arc   Edge   Cell     Fanout Load Trans Delay Arrival Instance 
#                                                           (fF)  (ps)  (ps)   (ps)  Location 
#---------------------------------------------------------------------------------------------
  u_rd_timer_reg[1]/CK -       -     R     (arrival)    115    -     0     -     313    (-,-) 
  u_rd_timer_reg[1]/Q  -       CK->Q R     DFFRHQX1       3  1.0    35   239     552    (-,-) 
  g3117/Y              -       A->Y  F     NAND2X1        3  1.0    89    86     638    (-,-) 
  g3125/Y              -       B->Y  R     NOR2BX1        3  1.2    86    98     736    (-,-) 
  g3059/Y              -       B->Y  F     NAND2X1        3  1.0    94   107     843    (-,-) 
  g3036/Y              -       B->Y  R     NOR2BX1        3  1.1    83    99     942    (-,-) 
  g3010/Y              -       B->Y  R     CLKAND2X2      3  1.1    28   124    1066    (-,-) 
  g3000/Y              -       B->Y  R     CLKAND2X2      3  1.6    33   103    1169    (-,-) 
  g2992/Y              -       B->Y  F     NAND2X2        3  0.9    61    60    1228    (-,-) 
  g2987/Y              -       B->Y  R     NOR2BX1        3  1.1    79    81    1310    (-,-) 
  g2982/Y              -       B->Y  R     CLKAND2X2      3  1.2    30   123    1433    (-,-) 
  g2977/Y              -       B->Y  F     NAND2X1        2  0.6    68    63    1496    (-,-) 
  g2973/Y              -       A->Y  R     INVX1          2  0.8    35    56    1552    (-,-) 
  g2972/Y              -       B->Y  F     NAND2X1        2  0.6    68    66    1618    (-,-) 
  g2968/Y              -       A->Y  R     INVX1          2  0.8    35    56    1674    (-,-) 
  g2967/Y              -       B->Y  F     NAND2X1        2  0.6    68    66    1741    (-,-) 
  g2963/Y              -       A->Y  R     INVX1          2  0.8    35    56    1797    (-,-) 
  g2962/Y              -       B->Y  F     NAND2X1        3  0.8    79    72    1869    (-,-) 
  g2958/Y              -       AN->Y F     NAND2BX1       2  0.8    81   126    1995    (-,-) 
  g2952/Y              -       B->Y  R     XNOR2X1        1  0.4    27   183    2177    (-,-) 
  g2949/Y              -       A1->Y F     AOI22X1        1  0.3   104    93    2271    (-,-) 
  g2947/Y              -       B->Y  R     NOR2X1         1  0.3    49    84    2355    (-,-) 
  u_rd_timer_reg[15]/D <<<     -     R     DFFRHQX1       1    -     -     0    2355    (-,-) 
#---------------------------------------------------------------------------------------------

