============================================================
  Generated by:           Genus(TM) Synthesis Solution 19.14-s108_1
  Generated on:           Aug 29 2026  03:08:54 pm
  Module:                 tp_lvl
  Technology library:     slow_vdd1v0 1.0
  Operating conditions:   PVT_0P9V_125C (balanced_tree)
  Wireload mode:          enclosed
  Area mode:              timing library
============================================================

                               
   Gate    Instances    Area       Library    
----------------------------------------------
ADDHX1             1     3.762    slow_vdd1v0 
AND2X1            40    54.720    slow_vdd1v0 
AND2XL             6     8.208    slow_vdd1v0 
AND3X1             2     4.788    slow_vdd1v0 
AND3XL             1     2.052    slow_vdd1v0 
AO21X1             3     7.182    slow_vdd1v0 
AOI21X1           14    23.940    slow_vdd1v0 
AOI21XL           31    53.010    slow_vdd1v0 
AOI221X1           3     7.182    slow_vdd1v0 
AOI22X1            8    16.416    slow_vdd1v0 
AOI33XL            1     2.394    slow_vdd1v0 
CLKBUFX2           1     1.710    slow_vdd1v0 
DFFRHQX1          63   387.828    slow_vdd1v0 
DFFRX1            15   102.600    slow_vdd1v0 
INVX1             61    41.724    slow_vdd1v0 
INVXL              7     4.788    slow_vdd1v0 
MX2XL              2     4.788    slow_vdd1v0 
MXI2XL             3     7.182    slow_vdd1v0 
NAND2BX1           9    12.312    slow_vdd1v0 
NAND2X1           90    92.340    slow_vdd1v0 
NAND2X2            1     1.710    slow_vdd1v0 
NAND2XL           15    15.390    slow_vdd1v0 
NAND3BXL           4     6.840    slow_vdd1v0 
NAND3X1            2     3.420    slow_vdd1v0 
NAND4BBXL          1     3.078    slow_vdd1v0 
NAND4XL            4     6.840    slow_vdd1v0 
NOR2BX1           14    19.152    slow_vdd1v0 
NOR2X1            20    20.520    slow_vdd1v0 
NOR2X2             3     5.130    slow_vdd1v0 
NOR2XL             7     7.182    slow_vdd1v0 
NOR3BX1            2     4.104    slow_vdd1v0 
NOR3X1             3     5.130    slow_vdd1v0 
NOR3XL             1     1.710    slow_vdd1v0 
NOR4BBX1           1     2.736    slow_vdd1v0 
NOR4BX1            4     9.576    slow_vdd1v0 
NOR4X1             9    15.390    slow_vdd1v0 
NOR4X4             1     6.498    slow_vdd1v0 
OA22X1             1     2.394    slow_vdd1v0 
OAI211X1          49    83.790    slow_vdd1v0 
OAI21X1            2     3.420    slow_vdd1v0 
OAI221X1           2     4.788    slow_vdd1v0 
OAI22X1            2     4.104    slow_vdd1v0 
OAI2BB1X1          7    11.970    slow_vdd1v0 
OAI31X1            4     8.208    slow_vdd1v0 
OAI32X1            1     2.394    slow_vdd1v0 
OAI33X1            2     5.472    slow_vdd1v0 
OR2X1              5     6.840    slow_vdd1v0 
OR2X2              1     1.710    slow_vdd1v0 
OR2XL             13    17.784    slow_vdd1v0 
OR3X1              2     4.104    slow_vdd1v0 
OR3XL              2     4.104    slow_vdd1v0 
OR4X1              4     8.208    slow_vdd1v0 
SDFFRHQX1         37   303.696    slow_vdd1v0 
TIEHI              1     1.026    slow_vdd1v0 
TIELO              1     1.026    slow_vdd1v0 
XNOR2X1           12    28.728    slow_vdd1v0 
----------------------------------------------
total            601  1477.098                


                                         
     Type      Instances   Area   Area % 
-----------------------------------------
sequential           115  794.124   53.8 
inverter              68   46.512    3.1 
buffer                 1    1.710    0.1 
logic                417  634.752   43.0 
physical_cells         0    0.000    0.0 
-----------------------------------------
total                601 1477.098  100.0 

