============================================================
  Generated by:           Genus(TM) Synthesis Solution 19.14-s108_1
  Generated on:           Aug 29 2026  03:08:54 pm
  Module:                 tp_lvl
  Operating conditions:   PVT_0P9V_125C (balanced_tree)
  Wireload mode:          enclosed
  Area mode:              timing library
============================================================

Timing
--------

     Clock     Period 
----------------------
core_clk       3333.0 
io_virtual_clk 3333.0 


     Cost        Critical         Violating 
     Group      Path Slack  TNS     Paths   
--------------------------------------------
core_clk             477.0   0.0          0 
default           No paths   0.0            
io_virtual_clk       740.1   0.0          0 
--------------------------------------------
Total                        0.0          0 

Instance Count
--------------
Leaf Instance Count             601 
Physical Instance count           0 
Sequential Instance Count       115 
Combinational Instance Count    486 
Hierarchical Instance Count       0 

Area
----
Cell Area                          1477.098
Physical Cell Area                 0.000
Total Cell Area (Cell+Physical)    1477.098
Net Area                           0.000
Total Area (Cell+Physical+Net)     1477.098

Max Fanout                         115 (clk)
Min Fanout                         0 (u_wr_downstream_aw_done)
Average Fanout                     2.1
Terms to net ratio                 2.8597
Terms to instance ratio            3.6972
Runtime                            13.67512 seconds
Elapsed Runtime                    16 seconds
Genus peak memory usage            1067.69 
Innovus peak memory usage          no_value 
Hostname                           ssh-soc.ece.ubc.ca
