============================================================
  Generated by:           Genus(TM) Synthesis Solution 19.14-s108_1
  Generated on:           Aug 29 2026  03:10:51 pm
  Module:                 tp_lvl
  Operating conditions:   PVT_0P9V_125C (balanced_tree)
  Wireload mode:          enclosed
  Area mode:              timing library
============================================================

Timing
--------

     Clock     Period 
----------------------
core_clk       2500.0 
io_virtual_clk 2500.0 


     Cost        Critical         Violating 
     Group      Path Slack  TNS     Paths   
--------------------------------------------
core_clk              13.5   0.0          0 
default           No paths   0.0            
io_virtual_clk       414.9   0.0          0 
--------------------------------------------
Total                        0.0          0 

Instance Count
--------------
Leaf Instance Count             554 
Physical Instance count           0 
Sequential Instance Count       115 
Combinational Instance Count    439 
Hierarchical Instance Count       0 

Area
----
Cell Area                          1474.362
Physical Cell Area                 0.000
Total Cell Area (Cell+Physical)    1474.362
Net Area                           0.000
Total Area (Cell+Physical+Net)     1474.362

Max Fanout                         115 (clk)
Min Fanout                         0 (rst_n)
Average Fanout                     2.1
Terms to net ratio                 2.8552
Terms to instance ratio            3.8087
Runtime                            13.317321 seconds
Elapsed Runtime                    15 seconds
Genus peak memory usage            1067.39 
Innovus peak memory usage          no_value 
Hostname                           ssh-soc.ece.ubc.ca
