============================================================
  Generated by:           Genus(TM) Synthesis Solution 19.14-s108_1
  Generated on:           Aug 29 2026  03:08:54 pm
  Module:                 tp_lvl
  Operating conditions:   PVT_0P9V_125C (balanced_tree)
  Wireload mode:          enclosed
  Area mode:              timing library
============================================================


Path 1: MET (477 ps) Setup Check with Pin u_wr_b_timer_reg[15]/CK->D
          Group: core_clk
     Startpoint: (R) u_wr_b_timer_reg[1]/CK
          Clock: (R) core_clk
       Endpoint: (R) u_wr_b_timer_reg[15]/D
          Clock: (R) core_clk

                     Capture       Launch     
        Clock Edge:+    3333            0     
       Src Latency:+       0            0     
       Net Latency:+     417 (I)      417 (I) 
           Arrival:=    3750          417     
                                              
             Setup:-     132                  
       Uncertainty:-     417                  
     Required Time:=    3201                  
      Launch Clock:-     417                  
         Data Path:-    2307                  
             Slack:=     477                  

#-----------------------------------------------------------------------------------------------
#     Timing Point       Flags   Arc   Edge   Cell     Fanout Load Trans Delay Arrival Instance 
#                                                             (fF)  (ps)  (ps)   (ps)  Location 
#-----------------------------------------------------------------------------------------------
  u_wr_b_timer_reg[1]/CK -       -     R     (arrival)    115    -     0     -     417    (-,-) 
  u_wr_b_timer_reg[1]/Q  -       CK->Q R     DFFRHQX1       4  1.6    47   246     662    (-,-) 
  u_wr_g5925/Y           -       A->Y  F     NAND2X1        2  0.7    74    84     747    (-,-) 
  u_wr_g5870/Y           -       A->Y  R     INVX1          2  0.8    36    60     806    (-,-) 
  u_wr_g5867/Y           -       B->Y  F     NAND2X1        2  0.7    74    70     876    (-,-) 
  u_wr_g5784/Y           -       A->Y  R     INVX1          2  0.8    36    59     935    (-,-) 
  u_wr_g5774/Y           -       B->Y  F     NAND2X1        2  0.7    74    70    1005    (-,-) 
  u_wr_g5755/Y           -       A->Y  R     INVX1          2  0.8    36    59    1064    (-,-) 
  u_wr_g5753/Y           -       B->Y  F     NAND2X1        2  0.7    74    70    1134    (-,-) 
  u_wr_g5734/Y           -       A->Y  R     INVX1          2  0.8    36    59    1193    (-,-) 
  u_wr_g5733/Y           -       B->Y  F     NAND2X1        2  0.6    69    67    1260    (-,-) 
  u_wr_g5723/Y           -       A->Y  R     INVX1          2  0.8    35    56    1316    (-,-) 
  u_wr_g5721/Y           -       B->Y  F     NAND2X1        2  0.6    68    66    1383    (-,-) 
  u_wr_g5713/Y           -       A->Y  R     INVX1          2  0.8    35    56    1439    (-,-) 
  u_wr_g5711/Y           -       B->Y  F     NAND2X1        2  0.6    68    66    1505    (-,-) 
  u_wr_g5702/Y           -       A->Y  R     INVX1          2  0.8    35    56    1562    (-,-) 
  u_wr_g5701/Y           -       B->Y  F     NAND2X1        2  0.6    68    66    1628    (-,-) 
  u_wr_g5692/Y           -       A->Y  R     INVX1          2  0.8    35    56    1684    (-,-) 
  u_wr_g5691/Y           -       B->Y  F     NAND2X1        2  0.6    68    66    1750    (-,-) 
  u_wr_g5682/Y           -       A->Y  R     INVX1          2  0.8    35    56    1807    (-,-) 
  u_wr_g5681/Y           -       B->Y  F     NAND2X1        2  0.6    68    66    1873    (-,-) 
  u_wr_g5672/Y           -       A->Y  R     INVX1          2  0.8    35    56    1929    (-,-) 
  u_wr_g5671/Y           -       B->Y  F     NAND2X1        2  0.6    68    66    1996    (-,-) 
  u_wr_g5663/Y           -       A->Y  R     INVX1          2  0.8    35    56    2052    (-,-) 
  u_wr_g5661/Y           -       B->Y  F     NAND2X1        2  0.6    68    66    2118    (-,-) 
  u_wr_g5653/Y           -       A->Y  R     INVX1          2  0.8    35    56    2174    (-,-) 
  u_wr_g5651/Y           -       B->Y  F     NAND2X1        2  0.6    68    66    2241    (-,-) 
  u_wr_g5642/Y           -       A->Y  R     INVX1          2  0.8    35    56    2297    (-,-) 
  u_wr_g5641/Y           -       B->Y  F     NAND2X1        2  0.7    74    69    2366    (-,-) 
  u_wr_g5629/Y           -       B->Y  R     XNOR2X1        1  0.4    27   180    2546    (-,-) 
  u_wr_g5625/Y           -       A1->Y F     AOI22X1        1  0.3   105    93    2640    (-,-) 
  u_wr_g5621/Y           -       B->Y  R     NOR2X1         1  0.3    49    84    2724    (-,-) 
  u_wr_b_timer_reg[15]/D <<<     -     R     DFFRHQX1       1    -     -     0    2724    (-,-) 
#-----------------------------------------------------------------------------------------------

