============================================================
  Generated by:           Genus(TM) Synthesis Solution 19.14-s108_1
  Generated on:           Aug 29 2026  03:08:04 pm
  Module:                 tp_lvl
  Operating conditions:   PVT_0P9V_125C (balanced_tree)
  Wireload mode:          enclosed
  Area mode:              timing library
============================================================

Timing
--------

     Clock     Period 
----------------------
core_clk       5000.0 
io_virtual_clk 5000.0 


     Cost        Critical         Violating 
     Group      Path Slack  TNS     Paths   
--------------------------------------------
core_clk            1940.2   0.0          0 
default           No paths   0.0            
io_virtual_clk      1562.1   0.0          0 
--------------------------------------------
Total                        0.0          0 

Instance Count
--------------
Leaf Instance Count             598 
Physical Instance count           0 
Sequential Instance Count       115 
Combinational Instance Count    483 
Hierarchical Instance Count       0 

Area
----
Cell Area                          1471.626
Physical Cell Area                 0.000
Total Cell Area (Cell+Physical)    1471.626
Net Area                           0.000
Total Area (Cell+Physical+Net)     1471.626

Max Fanout                         115 (clk)
Min Fanout                         0 (u_wr_downstream_aw_done)
Average Fanout                     2.1
Terms to net ratio                 2.8594
Terms to instance ratio            3.7057
Runtime                            13.118668 seconds
Elapsed Runtime                    16 seconds
Genus peak memory usage            1070.00 
Innovus peak memory usage          no_value 
Hostname                           ssh-soc.ece.ubc.ca
