============================================================
  Generated by:           Genus(TM) Synthesis Solution 19.14-s108_1
  Generated on:           Aug 29 2026  03:01:06 pm
  Module:                 tp_lvl
  Operating conditions:   PVT_0P9V_125C (balanced_tree)
  Wireload mode:          enclosed
  Area mode:              timing library
============================================================

Timing
--------

     Clock      Period 
-----------------------
core_clk       10000.0 
io_virtual_clk 10000.0 


     Cost        Critical         Violating 
     Group      Path Slack  TNS     Paths   
--------------------------------------------
core_clk            5771.2   0.0          0 
default           No paths   0.0            
io_virtual_clk      4069.0   0.0          0 
--------------------------------------------
Total                        0.0          0 

Instance Count
--------------
Leaf Instance Count             600 
Physical Instance count           0 
Sequential Instance Count       115 
Combinational Instance Count    485 
Hierarchical Instance Count       0 

Area
----
Cell Area                          1470.258
Physical Cell Area                 0.000
Total Cell Area (Cell+Physical)    1470.258
Net Area                           0.000
Total Area (Cell+Physical+Net)     1470.258

Max Fanout                         115 (clk)
Min Fanout                         0 (u_wr_downstream_aw_done)
Average Fanout                     2.1
Terms to net ratio                 2.8723
Terms to instance ratio            3.7100
Runtime                            13.110761000000002 seconds
Elapsed Runtime                    17 seconds
Genus peak memory usage            1061.08 
Innovus peak memory usage          no_value 
Hostname                           ssh-soc.ece.ubc.ca
