============================================================
  Generated by:           Genus(TM) Synthesis Solution 19.14-s108_1
  Generated on:           Aug 29 2026  05:57:00 pm
  Module:                 tp_lvl_d16
  Technology library:     slow_vdd1v0 1.0
  Operating conditions:   PVT_0P9V_125C (balanced_tree)
  Wireload mode:          enclosed
  Area mode:              timing library
============================================================

                               
   Gate    Instances    Area       Library    
----------------------------------------------
AND2X1            42    57.456    slow_vdd1v0 
AND2XL             3     4.104    slow_vdd1v0 
AND3X1             2     4.788    slow_vdd1v0 
AND4X1             1     2.394    slow_vdd1v0 
AND4XL             1     2.394    slow_vdd1v0 
AO21X1             3     7.182    slow_vdd1v0 
AOI211XL           3     6.156    slow_vdd1v0 
AOI21X1            7    11.970    slow_vdd1v0 
AOI21XL           37    63.270    slow_vdd1v0 
AOI221X1           3     7.182    slow_vdd1v0 
AOI22X1            5    10.260    slow_vdd1v0 
AOI2BB1XL          4     8.208    slow_vdd1v0 
AOI31X1            1     2.052    slow_vdd1v0 
CLKBUFX2           1     1.710    slow_vdd1v0 
DFFRHQX1          70   430.920    slow_vdd1v0 
DFFRX1             9    61.560    slow_vdd1v0 
INVX1             57    38.988    slow_vdd1v0 
INVXL             10     6.840    slow_vdd1v0 
MX2XL              1     2.394    slow_vdd1v0 
NAND2BX1           6     8.208    slow_vdd1v0 
NAND2BXL           1     1.368    slow_vdd1v0 
NAND2X1           97    99.522    slow_vdd1v0 
NAND2XL           19    19.494    slow_vdd1v0 
NAND3BXL           8    13.680    slow_vdd1v0 
NAND3X1            1     1.710    slow_vdd1v0 
NAND4XL            3     5.130    slow_vdd1v0 
NOR2BX1           22    30.096    slow_vdd1v0 
NOR2BX2            1     2.736    slow_vdd1v0 
NOR2X1            17    17.442    slow_vdd1v0 
NOR2X2             2     3.420    slow_vdd1v0 
NOR2XL            12    12.312    slow_vdd1v0 
NOR3X1             3     5.130    slow_vdd1v0 
NOR3XL             1     1.710    slow_vdd1v0 
NOR4BX1            3     7.182    slow_vdd1v0 
NOR4X1            11    18.810    slow_vdd1v0 
OA21X1             1     2.052    slow_vdd1v0 
OAI211X1          46    78.660    slow_vdd1v0 
OAI21X1            2     3.420    slow_vdd1v0 
OAI21XL            1     1.710    slow_vdd1v0 
OAI221X1           5    11.970    slow_vdd1v0 
OAI22X1            6    12.312    slow_vdd1v0 
OAI22XL            1     2.052    slow_vdd1v0 
OAI2BB1X1          2     3.420    slow_vdd1v0 
OAI32X1            2     4.788    slow_vdd1v0 
OAI33X1            1     2.736    slow_vdd1v0 
OR2X1              7     9.576    slow_vdd1v0 
OR2X2              1     1.710    slow_vdd1v0 
OR2XL              8    10.944    slow_vdd1v0 
OR3X1              2     4.104    slow_vdd1v0 
OR4X1              7    14.364    slow_vdd1v0 
SDFFRHQX1         40   328.320    slow_vdd1v0 
TIELO              1     1.026    slow_vdd1v0 
XNOR2X1           13    31.122    slow_vdd1v0 
XOR2XL             2     5.472    slow_vdd1v0 
----------------------------------------------
total            615  1507.536                


                                         
     Type      Instances   Area   Area % 
-----------------------------------------
sequential           119  820.800   54.4 
inverter              67   45.828    3.0 
buffer                 1    1.710    0.1 
logic                428  639.198   42.4 
physical_cells         0    0.000    0.0 
-----------------------------------------
total                615 1507.536  100.0 

