============================================================
  Generated by:           Genus(TM) Synthesis Solution 19.14-s108_1
  Generated on:           Aug 29 2026  05:57:01 pm
  Module:                 tp_lvl_d16
  Operating conditions:   PVT_0P9V_125C (balanced_tree)
  Wireload mode:          enclosed
  Area mode:              timing library
============================================================

Timing
--------

     Clock     Period 
----------------------
core_clk       5000.0 
io_virtual_clk 5000.0 


     Cost        Critical         Violating 
     Group      Path Slack  TNS     Paths   
--------------------------------------------
core_clk            1617.3   0.0          0 
default           No paths   0.0            
io_virtual_clk      1682.3   0.0          0 
--------------------------------------------
Total                        0.0          0 

Instance Count
--------------
Leaf Instance Count             615 
Physical Instance count           0 
Sequential Instance Count       119 
Combinational Instance Count    496 
Hierarchical Instance Count       0 

Area
----
Cell Area                          1507.536
Physical Cell Area                 0.000
Total Cell Area (Cell+Physical)    1507.536
Net Area                           0.000
Total Area (Cell+Physical+Net)     1507.536

Max Fanout                         119 (clk)
Min Fanout                         0 (rst_n)
Average Fanout                     2.1
Terms to net ratio                 2.8929
Terms to instance ratio            3.6878
Runtime                            13.999880000000001 seconds
Elapsed Runtime                    16 seconds
Genus peak memory usage            1068.45 
Innovus peak memory usage          no_value 
Hostname                           ssh-soc.ece.ubc.ca
