============================================================
  Generated by:           Genus(TM) Synthesis Solution 19.14-s108_1
  Generated on:           Aug 29 2026  05:57:00 pm
  Module:                 tp_lvl_d16
  Operating conditions:   PVT_0P9V_125C (balanced_tree)
  Wireload mode:          enclosed
  Area mode:              timing library
============================================================


Path 1: MET (1617 ps) Setup Check with Pin dut_u_wr_wr_state_reg[0]/CK->D
          Group: core_clk
     Startpoint: (R) s_wvalid
          Clock: (R) io_virtual_clk
       Endpoint: (F) dut_u_wr_wr_state_reg[0]/D
          Clock: (R) core_clk

                     Capture       Launch     
        Clock Edge:+    5000            0     
        Drv Adjust:+       0            7     
       Src Latency:+       0            0     
       Net Latency:+     625 (I)        0 (I) 
           Arrival:=    5625            7     
                                              
             Setup:-      78                  
       Uncertainty:-     625                  
     Required Time:=    4922                  
      Launch Clock:-       7                  
       Input Delay:-    1250                  
         Data Path:-    2048                  
             Slack:=    1617                  

Exceptions/Constraints:
  input_delay             1250            in_del_36_1 

#----------------------------------------------------------------------------------------------------
#       Timing Point         Flags    Arc   Edge   Cell     Fanout Load Trans Delay Arrival Instance 
#                                                                  (fF)  (ps)  (ps)   (ps)  Location 
#----------------------------------------------------------------------------------------------------
  s_wvalid                   -       -      R     (arrival)      2  0.6    24     0    1257    (-,-) 
  g2/Y                       -       A->Y   F     NAND2X1        3  1.6   124    98    1355    (-,-) 
  dut_u_wr_g2840/Y           -       A->Y   R     NOR2X2         2  8.2   210   195    1550    (-,-) 
  dut_u_wr_g2106/Y           -       A->Y   R     AND2X1         2  0.4    25   207    1756    (-,-) 
  g6380/Y                    -       A1N->Y R     AOI2BB1XL      1  0.2    46    71    1827    (-,-) 
  dut_u_wr_g2103/Y           -       B0->Y  R     OA21X1         2  8.2   186   241    2068    (-,-) 
  g6365/Y                    -       A->Y   F     INVXL          5  1.6   112   174    2242    (-,-) 
  dut_u_wr_g6282/Y           -       B->Y   R     NOR2X1         5  1.8   114   126    2368    (-,-) 
  dut_u_wr_g6231/Y           -       C->Y   F     NAND3X1        2  0.7   134   146    2514    (-,-) 
  dut_u_wr_g6214/Y           -       B->Y   R     NAND2X1        1  0.4    57    92    2606    (-,-) 
  dut_u_wr_g6197/Y           -       B->Y   R     XNOR2X1        2  0.4    27   136    2742    (-,-) 
  dut_u_wr_g6176/Y           -       D->Y   F     NAND4XL        1  0.3   199   145    2888    (-,-) 
  dut_u_wr_g6166/Y           -       B->Y   R     NOR2BX1        2  0.6    72   143    3030    (-,-) 
  dut_u_wr_g6160/Y           -       AN->Y  R     NOR2BX1        1  0.4    51   113    3143    (-,-) 
  dut_u_wr_g6156/Y           -       D->Y   F     NOR4BX1        1  0.2    49    49    3192    (-,-) 
  dut_u_wr_g6149/Y           -       A0N->Y F     AOI2BB1XL      1  0.3    64   112    3304    (-,-) 
  dut_u_wr_wr_state_reg[0]/D <<<     -      F     DFFRHQX1       1    -     -     0    3304    (-,-) 
#----------------------------------------------------------------------------------------------------

