============================================================
  Generated by:           Genus(TM) Synthesis Solution 19.14-s108_1
  Generated on:           Aug 29 2026  05:55:52 pm
  Module:                 tp_lvl_d1
  Operating conditions:   PVT_0P9V_125C (balanced_tree)
  Wireload mode:          enclosed
  Area mode:              timing library
============================================================

Timing
--------

     Clock     Period 
----------------------
core_clk       5000.0 
io_virtual_clk 5000.0 


     Cost        Critical         Violating 
     Group      Path Slack  TNS     Paths   
--------------------------------------------
core_clk            1944.4   0.0          0 
default           No paths   0.0            
io_virtual_clk      1504.4   0.0          0 
--------------------------------------------
Total                        0.0          0 

Instance Count
--------------
Leaf Instance Count             493 
Physical Instance count           0 
Sequential Instance Count       103 
Combinational Instance Count    390 
Hierarchical Instance Count       0 

Area
----
Cell Area                          1246.590
Physical Cell Area                 0.000
Total Cell Area (Cell+Physical)    1246.590
Net Area                           0.000
Total Area (Cell+Physical+Net)     1246.590

Max Fanout                         103 (clk)
Min Fanout                         0 (rst_n)
Average Fanout                     2.1
Terms to net ratio                 2.7458
Terms to instance ratio            3.6815
Runtime                            11.561892 seconds
Elapsed Runtime                    14 seconds
Genus peak memory usage            1067.55 
Innovus peak memory usage          no_value 
Hostname                           ssh-soc.ece.ubc.ca
