============================================================
  Generated by:           Genus(TM) Synthesis Solution 19.14-s108_1
  Generated on:           Aug 29 2026  05:55:52 pm
  Module:                 tp_lvl_d1
  Operating conditions:   PVT_0P9V_125C (balanced_tree)
  Wireload mode:          enclosed
  Area mode:              timing library
============================================================


Path 1: MET (1504 ps) Late External Delay Assertion at pin s_wready
          Group: io_virtual_clk
     Startpoint: (R) s_wvalid
          Clock: (R) io_virtual_clk
       Endpoint: (R) s_wready
          Clock: (R) io_virtual_clk

                     Capture       Launch     
        Clock Edge:+    5000            0     
        Drv Adjust:+       0            9     
       Src Latency:+       0            0     
       Net Latency:+       0 (I)        0 (I) 
           Arrival:=    5000            9     
                                              
      Output Delay:-    1250                  
     Required Time:=    3750                  
      Launch Clock:-       9                  
       Input Delay:-    1250                  
         Data Path:-     986                  
             Slack:=    1504                  

Exceptions/Constraints:
  input_delay              1250            in_del_36_1  
  output_delay             1250            ou_del_157_1 

#-----------------------------------------------------------------------------------------
#  Timing Point    Flags   Arc   Edge   Cell     Fanout Load Trans Delay Arrival Instance 
#                                                       (fF)  (ps)  (ps)   (ps)  Location 
#-----------------------------------------------------------------------------------------
  s_wvalid         -       -     R     (arrival)      3  0.8    28     0    1259    (-,-) 
  dut_u_wr_g1752/Y -       AN->Y R     NOR4BBX1       3  0.6   137   206    1465    (-,-) 
  dut_u_wr_g1750/Y -       B->Y  R     AND2X1         2  8.2   184   274    1739    (-,-) 
  dut_u_wr_g2330/Y -       A1->Y R     AO21XL         2  0.4    30   201    1940    (-,-) 
  dut_u_wr_g2317/Y -       B->Y  R     AND3X1         2  8.2   192   305    2246    (-,-) 
  s_wready         <<<     -     R     (port)         -    -     -     0    2246    (-,-) 
#-----------------------------------------------------------------------------------------

