============================================================
  Generated by:           Genus(TM) Synthesis Solution 19.14-s108_1
  Generated on:           Aug 29 2026  05:55:52 pm
  Module:                 tp_lvl_d1
  Technology library:     slow_vdd1v0 1.0
  Operating conditions:   PVT_0P9V_125C (balanced_tree)
  Wireload mode:          enclosed
  Area mode:              timing library
============================================================

                               
   Gate    Instances    Area       Library    
----------------------------------------------
AND2X1            42    57.456    slow_vdd1v0 
AND2XL             1     1.368    slow_vdd1v0 
AND3X1             1     2.394    slow_vdd1v0 
AO21X1             5    11.970    slow_vdd1v0 
AO21XL             2     4.788    slow_vdd1v0 
AOI21X1            4     6.840    slow_vdd1v0 
AOI21XL           38    64.980    slow_vdd1v0 
AOI221X1           1     2.394    slow_vdd1v0 
AOI22X1            4     8.208    slow_vdd1v0 
AOI31X1            1     2.052    slow_vdd1v0 
DFFRHQX1          60   369.360    slow_vdd1v0 
DFFRX1             8    54.720    slow_vdd1v0 
INVX1             50    34.200    slow_vdd1v0 
INVXL              5     3.420    slow_vdd1v0 
MX2XL              2     4.788    slow_vdd1v0 
NAND2BX1           4     5.472    slow_vdd1v0 
NAND2BXL           1     1.368    slow_vdd1v0 
NAND2X1           67    68.742    slow_vdd1v0 
NAND2XL           24    24.624    slow_vdd1v0 
NAND3BX2           1     3.078    slow_vdd1v0 
NAND3BXL           3     5.130    slow_vdd1v0 
NAND3XL            1     1.710    slow_vdd1v0 
NAND4XL            3     5.130    slow_vdd1v0 
NOR2BX1           23    31.464    slow_vdd1v0 
NOR2X1             6     6.156    slow_vdd1v0 
NOR2X2             2     3.420    slow_vdd1v0 
NOR2XL             9     9.234    slow_vdd1v0 
NOR3BX1            1     2.052    slow_vdd1v0 
NOR3X1             3     5.130    slow_vdd1v0 
NOR4BBX1           1     2.736    slow_vdd1v0 
NOR4BX1            3     7.182    slow_vdd1v0 
NOR4X1             9    15.390    slow_vdd1v0 
OAI211X1          42    71.820    slow_vdd1v0 
OAI22X1            3     6.156    slow_vdd1v0 
OAI2BB1X1          1     1.710    slow_vdd1v0 
OAI31X1            2     4.104    slow_vdd1v0 
OAI32X1            2     4.788    slow_vdd1v0 
OAI33X1            1     2.736    slow_vdd1v0 
OR2X1              3     4.104    slow_vdd1v0 
OR2X2              1     1.710    slow_vdd1v0 
OR2XL              6     8.208    slow_vdd1v0 
OR3X1              1     2.052    slow_vdd1v0 
SDFFRHQX1         35   287.280    slow_vdd1v0 
TIELO              1     1.026    slow_vdd1v0 
XNOR2X1           10    23.940    slow_vdd1v0 
----------------------------------------------
total            493  1246.590                


                                         
     Type      Instances   Area   Area % 
-----------------------------------------
sequential           103  711.360   57.1 
inverter              55   37.620    3.0 
logic                335  497.610   39.9 
physical_cells         0    0.000    0.0 
-----------------------------------------
total                493 1246.590  100.0 

