============================================================
  Generated by:           Genus(TM) Synthesis Solution 19.14-s108_1
  Generated on:           Aug 29 2026  05:56:09 pm
  Module:                 tp_lvl_d2
  Operating conditions:   PVT_0P9V_125C (balanced_tree)
  Wireload mode:          enclosed
  Area mode:              timing library
============================================================

Timing
--------

     Clock     Period 
----------------------
core_clk       5000.0 
io_virtual_clk 5000.0 


     Cost        Critical         Violating 
     Group      Path Slack  TNS     Paths   
--------------------------------------------
core_clk            1940.7   0.0          0 
default           No paths   0.0            
io_virtual_clk      1575.8   0.0          0 
--------------------------------------------
Total                        0.0          0 

Instance Count
--------------
Leaf Instance Count             543 
Physical Instance count           0 
Sequential Instance Count       107 
Combinational Instance Count    436 
Hierarchical Instance Count       0 

Area
----
Cell Area                          1346.796
Physical Cell Area                 0.000
Total Cell Area (Cell+Physical)    1346.796
Net Area                           0.000
Total Area (Cell+Physical+Net)     1346.796

Max Fanout                         107 (clk)
Min Fanout                         0 (dut_u_wr_downstream_aw_done)
Average Fanout                     2.1
Terms to net ratio                 2.8050
Terms to instance ratio            3.7090
Runtime                            12.442494000000002 seconds
Elapsed Runtime                    14 seconds
Genus peak memory usage            1068.38 
Innovus peak memory usage          no_value 
Hostname                           ssh-soc.ece.ubc.ca
