============================================================
  Generated by:           Genus(TM) Synthesis Solution 19.14-s108_1
  Generated on:           Aug 29 2026  05:56:09 pm
  Module:                 tp_lvl_d2
  Technology library:     slow_vdd1v0 1.0
  Operating conditions:   PVT_0P9V_125C (balanced_tree)
  Wireload mode:          enclosed
  Area mode:              timing library
============================================================

                               
   Gate    Instances    Area       Library    
----------------------------------------------
AND2X1            42    57.456    slow_vdd1v0 
AND3X1             1     2.394    slow_vdd1v0 
AO21X1             6    14.364    slow_vdd1v0 
AOI211XL           2     4.104    slow_vdd1v0 
AOI21X1            6    10.260    slow_vdd1v0 
AOI21XL           38    64.980    slow_vdd1v0 
AOI221X1           1     2.394    slow_vdd1v0 
AOI22X1            6    12.312    slow_vdd1v0 
AOI31X1            2     4.104    slow_vdd1v0 
AOI32X1            2     4.788    slow_vdd1v0 
AOI33XL            2     4.788    slow_vdd1v0 
CLKBUFX2           1     1.710    slow_vdd1v0 
DFFRHQX1          56   344.736    slow_vdd1v0 
DFFRX1            15   102.600    slow_vdd1v0 
INVX1             62    42.408    slow_vdd1v0 
INVXL              5     3.420    slow_vdd1v0 
MX2XL              2     4.788    slow_vdd1v0 
MXI2XL             4     9.576    slow_vdd1v0 
NAND2BX1           8    10.944    slow_vdd1v0 
NAND2BXL           1     1.368    slow_vdd1v0 
NAND2X1           79    81.054    slow_vdd1v0 
NAND2XL           16    16.416    slow_vdd1v0 
NAND3BXL           5     8.550    slow_vdd1v0 
NAND3X1            3     5.130    slow_vdd1v0 
NAND4XL            2     3.420    slow_vdd1v0 
NOR2BX1           12    16.416    slow_vdd1v0 
NOR2X1            14    14.364    slow_vdd1v0 
NOR2X2             2     3.420    slow_vdd1v0 
NOR2XL             5     5.130    slow_vdd1v0 
NOR3BX1            4     8.208    slow_vdd1v0 
NOR3X1             1     1.710    slow_vdd1v0 
NOR3XL             1     1.710    slow_vdd1v0 
NOR4BBX1           1     2.736    slow_vdd1v0 
NOR4BX1            2     4.788    slow_vdd1v0 
NOR4X1             7    11.970    slow_vdd1v0 
OA21X1             1     2.052    slow_vdd1v0 
OAI211X1          43    73.530    slow_vdd1v0 
OAI21X1            3     5.130    slow_vdd1v0 
OAI221X1           1     2.394    slow_vdd1v0 
OAI22X1            3     6.156    slow_vdd1v0 
OAI22XL            1     2.052    slow_vdd1v0 
OAI2BB1X1          5     8.550    slow_vdd1v0 
OAI31X1            3     6.156    slow_vdd1v0 
OAI33X1            1     2.736    slow_vdd1v0 
OR2X1              6     8.208    slow_vdd1v0 
OR2X2              1     1.710    slow_vdd1v0 
OR2XL              7     9.576    slow_vdd1v0 
OR3XL              1     2.052    slow_vdd1v0 
OR4X1              6    12.312    slow_vdd1v0 
SDFFRHQX1         36   295.488    slow_vdd1v0 
TIEHI              1     1.026    slow_vdd1v0 
XNOR2X1            8    19.152    slow_vdd1v0 
----------------------------------------------
total            543  1346.796                


                                         
     Type      Instances   Area   Area % 
-----------------------------------------
sequential           107  742.824   55.2 
inverter              67   45.828    3.4 
buffer                 1    1.710    0.1 
logic                368  556.434   41.3 
physical_cells         0    0.000    0.0 
-----------------------------------------
total                543 1346.796  100.0 

