============================================================
  Generated by:           Genus(TM) Synthesis Solution 19.14-s108_1
  Generated on:           Aug 29 2026  05:56:09 pm
  Module:                 tp_lvl_d2
  Operating conditions:   PVT_0P9V_125C (balanced_tree)
  Wireload mode:          enclosed
  Area mode:              timing library
============================================================


Path 1: MET (1576 ps) Late External Delay Assertion at pin s_wready
          Group: io_virtual_clk
     Startpoint: (R) s_wvalid
          Clock: (R) io_virtual_clk
       Endpoint: (R) s_wready
          Clock: (R) io_virtual_clk

                     Capture       Launch     
        Clock Edge:+    5000            0     
        Drv Adjust:+       0            7     
       Src Latency:+       0            0     
       Net Latency:+       0 (I)        0 (I) 
           Arrival:=    5000            7     
                                              
      Output Delay:-    1250                  
     Required Time:=    3750                  
      Launch Clock:-       7                  
       Input Delay:-    1250                  
         Data Path:-     917                  
             Slack:=    1576                  

Exceptions/Constraints:
  input_delay              1250            in_del_36_1  
  output_delay             1250            ou_del_157_1 

#------------------------------------------------------------------------------------------
#  Timing Point    Flags    Arc   Edge   Cell     Fanout Load Trans Delay Arrival Instance 
#                                                        (fF)  (ps)  (ps)   (ps)  Location 
#------------------------------------------------------------------------------------------
  s_wvalid         -       -      R     (arrival)      3  0.6    24     0    1257    (-,-) 
  g2/Y             -       AN->Y  R     NOR3BX1        3  0.6    92   140    1397    (-,-) 
  dut_u_wr_g1845/Y -       B->Y   R     AND2X1         2  8.2   184   252    1649    (-,-) 
  dut_u_wr_g2539/Y -       A1N->Y R     OAI2BB1X1      2  0.6    34   200    1849    (-,-) 
  dut_u_wr_g2525/Y -       B->Y   R     AND3X1         7  9.8   225   325    2174    (-,-) 
  s_wready         <<<     -      R     (port)         -    -     -     0    2174    (-,-) 
#------------------------------------------------------------------------------------------

