============================================================
  Generated by:           Genus(TM) Synthesis Solution 19.14-s108_1
  Generated on:           Aug 29 2026  05:56:25 pm
  Module:                 tp_lvl_d4
  Technology library:     slow_vdd1v0 1.0
  Operating conditions:   PVT_0P9V_125C (balanced_tree)
  Wireload mode:          enclosed
  Area mode:              timing library
============================================================

                               
   Gate    Instances    Area       Library    
----------------------------------------------
AND2X1            41    56.088    slow_vdd1v0 
AND2XL             4     5.472    slow_vdd1v0 
AND3X1             1     2.394    slow_vdd1v0 
AND3XL             1     2.052    slow_vdd1v0 
AND4X1             1     2.394    slow_vdd1v0 
AND4XL             1     2.394    slow_vdd1v0 
AO21X1             3     7.182    slow_vdd1v0 
AOI211XL           1     2.052    slow_vdd1v0 
AOI21X1           16    27.360    slow_vdd1v0 
AOI21XL           28    47.880    slow_vdd1v0 
AOI221X1           2     4.788    slow_vdd1v0 
AOI22X1            6    12.312    slow_vdd1v0 
AOI2BB1X1          3     6.156    slow_vdd1v0 
AOI2BB1XL          1     2.052    slow_vdd1v0 
AOI32X1            1     2.394    slow_vdd1v0 
AOI33XL            1     2.394    slow_vdd1v0 
CLKXOR2X1          1     2.736    slow_vdd1v0 
DFFRHQX1          66   406.296    slow_vdd1v0 
DFFRX1             7    47.880    slow_vdd1v0 
INVX1             52    35.568    slow_vdd1v0 
INVXL              4     2.736    slow_vdd1v0 
MX2XL              2     4.788    slow_vdd1v0 
MXI2XL             1     2.394    slow_vdd1v0 
NAND2BX1          11    15.048    slow_vdd1v0 
NAND2BXL           1     1.368    slow_vdd1v0 
NAND2X1           84    86.184    slow_vdd1v0 
NAND2XL           16    16.416    slow_vdd1v0 
NAND3BXL           2     3.420    slow_vdd1v0 
NAND3X1            1     1.710    slow_vdd1v0 
NAND4XL            2     3.420    slow_vdd1v0 
NOR2BX1           18    24.624    slow_vdd1v0 
NOR2BX2            1     2.736    slow_vdd1v0 
NOR2X1            18    18.468    slow_vdd1v0 
NOR2X2             3     5.130    slow_vdd1v0 
NOR2XL             5     5.130    slow_vdd1v0 
NOR3BX1            1     2.052    slow_vdd1v0 
NOR3X1             5     8.550    slow_vdd1v0 
NOR4BX1            2     4.788    slow_vdd1v0 
NOR4X1             9    15.390    slow_vdd1v0 
OA21X1             1     2.052    slow_vdd1v0 
OAI211X1          44    75.240    slow_vdd1v0 
OAI21X1            1     1.710    slow_vdd1v0 
OAI221X1           2     4.788    slow_vdd1v0 
OAI22X1            2     4.104    slow_vdd1v0 
OAI22XL            1     2.052    slow_vdd1v0 
OAI2BB1X1          2     3.420    slow_vdd1v0 
OAI32X1            4     9.576    slow_vdd1v0 
OAI33X1            1     2.736    slow_vdd1v0 
OR2X1              6     8.208    slow_vdd1v0 
OR2X2              1     1.710    slow_vdd1v0 
OR2XL              5     6.840    slow_vdd1v0 
OR3X1              4     8.208    slow_vdd1v0 
OR3XL              4     8.208    slow_vdd1v0 
OR4X1              3     6.156    slow_vdd1v0 
SDFFRHQX1         38   311.904    slow_vdd1v0 
TIELO              1     1.026    slow_vdd1v0 
XNOR2X1            7    16.758    slow_vdd1v0 
XOR2XL             1     2.736    slow_vdd1v0 
----------------------------------------------
total            551  1379.628                


                                         
     Type      Instances   Area   Area % 
-----------------------------------------
sequential           111  766.080   55.5 
inverter              56   38.304    2.8 
logic                384  575.244   41.7 
physical_cells         0    0.000    0.0 
-----------------------------------------
total                551 1379.628  100.0 

