============================================================
  Generated by:           Genus(TM) Synthesis Solution 19.14-s108_1
  Generated on:           Aug 29 2026  05:56:26 pm
  Module:                 tp_lvl_d4
  Operating conditions:   PVT_0P9V_125C (balanced_tree)
  Wireload mode:          enclosed
  Area mode:              timing library
============================================================

Timing
--------

     Clock     Period 
----------------------
core_clk       5000.0 
io_virtual_clk 5000.0 


     Cost        Critical         Violating 
     Group      Path Slack  TNS     Paths   
--------------------------------------------
core_clk            1907.8   0.0          0 
default           No paths   0.0            
io_virtual_clk      1590.8   0.0          0 
--------------------------------------------
Total                        0.0          0 

Instance Count
--------------
Leaf Instance Count             551 
Physical Instance count           0 
Sequential Instance Count       111 
Combinational Instance Count    440 
Hierarchical Instance Count       0 

Area
----
Cell Area                          1379.628
Physical Cell Area                 0.000
Total Cell Area (Cell+Physical)    1379.628
Net Area                           0.000
Total Area (Cell+Physical+Net)     1379.628

Max Fanout                         111 (clk)
Min Fanout                         0 (rst_n)
Average Fanout                     2.1
Terms to net ratio                 2.8482
Terms to instance ratio            3.7114
Runtime                            12.301347000000002 seconds
Elapsed Runtime                    15 seconds
Genus peak memory usage            1059.29 
Innovus peak memory usage          no_value 
Hostname                           ssh-soc.ece.ubc.ca
