============================================================
  Generated by:           Genus(TM) Synthesis Solution 19.14-s108_1
  Generated on:           Aug 29 2026  05:56:25 pm
  Module:                 tp_lvl_d4
  Operating conditions:   PVT_0P9V_125C (balanced_tree)
  Wireload mode:          enclosed
  Area mode:              timing library
============================================================


Path 1: MET (1591 ps) Late External Delay Assertion at pin s_wready
          Group: io_virtual_clk
     Startpoint: (R) s_wvalid
          Clock: (R) io_virtual_clk
       Endpoint: (R) s_wready
          Clock: (R) io_virtual_clk

                     Capture       Launch     
        Clock Edge:+    5000            0     
        Drv Adjust:+       0            7     
       Src Latency:+       0            0     
       Net Latency:+       0 (I)        0 (I) 
           Arrival:=    5000            7     
                                              
      Output Delay:-    1250                  
     Required Time:=    3750                  
      Launch Clock:-       7                  
       Input Delay:-    1250                  
         Data Path:-     902                  
             Slack:=    1591                  

Exceptions/Constraints:
  input_delay              1250            in_del_36_1  
  output_delay             1250            ou_del_157_1 

#------------------------------------------------------------------------------------------
#  Timing Point    Flags    Arc   Edge   Cell     Fanout Load Trans Delay Arrival Instance 
#                                                        (fF)  (ps)  (ps)   (ps)  Location 
#------------------------------------------------------------------------------------------
  s_wvalid         -       -      R     (arrival)      2  0.6    24     0    1257    (-,-) 
  dut_u_wr_g2721/Y -       A->Y   F     NAND3X1        3  1.6   202   167    1424    (-,-) 
  dut_u_wr_g2708/Y -       B->Y   R     NOR2X2         2  8.2   227   224    1649    (-,-) 
  dut_u_wr_g2003/Y -       B->Y   R     AND2XL         2  0.4    27   194    1843    (-,-) 
  g4917/Y          -       A1N->Y R     AOI2BB1XL      1  0.2    49    72    1915    (-,-) 
  dut_u_wr_g2000/Y -       B0->Y  R     OA21X1         3  8.4   190   244    2159    (-,-) 
  s_wready         <<<     -      R     (port)         -    -     -     0    2159    (-,-) 
#------------------------------------------------------------------------------------------

