============================================================
  Generated by:           Genus(TM) Synthesis Solution 19.14-s108_1
  Generated on:           Aug 29 2026  05:57:18 pm
  Module:                 tp_lvl_d64
  Operating conditions:   PVT_0P9V_125C (balanced_tree)
  Wireload mode:          enclosed
  Area mode:              timing library
============================================================


Path 1: MET (1377 ps) Setup Check with Pin dut_u_wr_wr_state_reg[0]/CK->D
          Group: core_clk
     Startpoint: (R) s_wvalid
          Clock: (R) io_virtual_clk
       Endpoint: (F) dut_u_wr_wr_state_reg[0]/D
          Clock: (R) core_clk

                     Capture       Launch     
        Clock Edge:+    5000            0     
        Drv Adjust:+       0            7     
       Src Latency:+       0            0     
       Net Latency:+     625 (I)        0 (I) 
           Arrival:=    5625            7     
                                              
             Setup:-      80                  
       Uncertainty:-     625                  
     Required Time:=    4920                  
      Launch Clock:-       7                  
       Input Delay:-    1250                  
         Data Path:-    2286                  
             Slack:=    1377                  

Exceptions/Constraints:
  input_delay             1250            in_del_36_1 

#----------------------------------------------------------------------------------------------------
#       Timing Point         Flags    Arc   Edge   Cell     Fanout Load Trans Delay Arrival Instance 
#                                                                  (fF)  (ps)  (ps)   (ps)  Location 
#----------------------------------------------------------------------------------------------------
  s_wvalid                   -       -      R     (arrival)      2  0.6    24     0    1257    (-,-) 
  dut_u_wr_g2993/Y           -       A->Y   F     NAND3X1        3  1.6   202   167    1424    (-,-) 
  dut_u_wr_g2982/Y           -       A->Y   R     NOR2X2         2  8.2   216   233    1657    (-,-) 
  dut_u_wr_g2218/Y           -       B->Y   R     AND2XL         2  0.4    27   189    1846    (-,-) 
  g6483/Y                    -       A0N->Y R     AOI2BB1XL      1  0.2    49    82    1928    (-,-) 
  dut_u_wr_g2215/Y           -       B0->Y  R     OA21X1         2  8.2   186   242    2170    (-,-) 
  g6466/Y                    -       A->Y   F     INVXL          5  1.7   117   176    2347    (-,-) 
  dut_u_wr_g6376/Y           -       B->Y   R     NOR2X1         8  2.8   158   154    2501    (-,-) 
  dut_u_wr_g6316/Y           -       B->Y   F     NOR2X1         2  0.7    58   116    2617    (-,-) 
  dut_u_wr_g6309/Y           -       A->Y   R     INVX1          3  1.2    42    55    2672    (-,-) 
  dut_u_wr_g6281/Y           -       B->Y   F     NAND2X1        1  0.4    60    64    2736    (-,-) 
  dut_u_wr_g6269/Y           -       B1->Y  R     AOI221X1       2  0.6   115   134    2870    (-,-) 
  dut_u_wr_g6247/Y           -       D->Y   F     NAND4XL        1  0.3   199   187    3057    (-,-) 
  dut_u_wr_g6235/Y           -       D->Y   R     NOR4BX1        2  0.6   143   175    3231    (-,-) 
  dut_u_wr_g6226/Y           -       AN->Y  R     NOR2BX1        1  0.4    51   147    3378    (-,-) 
  dut_u_wr_g6219/Y           -       D->Y   F     NOR4BX1        1  0.2    56    49    3428    (-,-) 
  dut_u_wr_g6212/Y           -       A0N->Y F     AOI2BB1XL      1  0.3    69   115    3543    (-,-) 
  dut_u_wr_wr_state_reg[0]/D <<<     -      F     DFFRHQX1       1    -     -     0    3543    (-,-) 
#----------------------------------------------------------------------------------------------------

