============================================================
  Generated by:           Genus(TM) Synthesis Solution 19.14-s108_1
  Generated on:           Aug 29 2026  05:57:19 pm
  Module:                 tp_lvl_d64
  Operating conditions:   PVT_0P9V_125C (balanced_tree)
  Wireload mode:          enclosed
  Area mode:              timing library
============================================================

Timing
--------

     Clock     Period 
----------------------
core_clk       5000.0 
io_virtual_clk 5000.0 


     Cost        Critical         Violating 
     Group      Path Slack  TNS     Paths   
--------------------------------------------
core_clk            1376.9   0.0          0 
default           No paths   0.0            
io_virtual_clk      1579.8   0.0          0 
--------------------------------------------
Total                        0.0          0 

Instance Count
--------------
Leaf Instance Count             667 
Physical Instance count           0 
Sequential Instance Count       127 
Combinational Instance Count    540 
Hierarchical Instance Count       0 

Area
----
Cell Area                          1636.812
Physical Cell Area                 0.000
Total Cell Area (Cell+Physical)    1636.812
Net Area                           0.000
Total Area (Cell+Physical+Net)     1636.812

Max Fanout                         127 (clk)
Min Fanout                         0 (rst_n)
Average Fanout                     2.2
Terms to net ratio                 2.9702
Terms to instance ratio            3.7316
Runtime                            13.884196999999999 seconds
Elapsed Runtime                    17 seconds
Genus peak memory usage            1062.62 
Innovus peak memory usage          no_value 
Hostname                           ssh-soc.ece.ubc.ca
