============================================================
  Generated by:           Genus(TM) Synthesis Solution 19.14-s108_1
  Generated on:           Aug 29 2026  05:49:39 pm
  Module:                 tp_lvl_tw12
  Technology library:     slow_vdd1v0 1.0
  Operating conditions:   PVT_0P9V_125C (balanced_tree)
  Wireload mode:          enclosed
  Area mode:              timing library
============================================================

                               
   Gate    Instances    Area       Library    
----------------------------------------------
AND2X1            39    53.352    slow_vdd1v0 
AND2XL             4     5.472    slow_vdd1v0 
AND3X1             2     4.788    slow_vdd1v0 
AND4X1             1     2.394    slow_vdd1v0 
AO21X1             3     7.182    slow_vdd1v0 
AO21XL             1     2.394    slow_vdd1v0 
AOI21XL           30    51.300    slow_vdd1v0 
AOI221X1           5    11.970    slow_vdd1v0 
AOI22X1            6    12.312    slow_vdd1v0 
AOI32X1            2     4.788    slow_vdd1v0 
CLKBUFX2           1     1.710    slow_vdd1v0 
DFFRHQX1          45   277.020    slow_vdd1v0 
DFFRX1            19   129.960    slow_vdd1v0 
INVX1             48    32.832    slow_vdd1v0 
INVXL              6     4.104    slow_vdd1v0 
MX2XL              1     2.394    slow_vdd1v0 
MXI2XL             2     4.788    slow_vdd1v0 
NAND2BX1           5     6.840    slow_vdd1v0 
NAND2X1           70    71.820    slow_vdd1v0 
NAND2X2            1     1.710    slow_vdd1v0 
NAND2XL           13    13.338    slow_vdd1v0 
NAND3BX1           1     2.052    slow_vdd1v0 
NAND3BXL          10    17.100    slow_vdd1v0 
NAND3X1            3     5.130    slow_vdd1v0 
NAND3X2            1     2.736    slow_vdd1v0 
NAND4XL            2     3.420    slow_vdd1v0 
NOR2BX1           17    23.256    slow_vdd1v0 
NOR2X1            18    18.468    slow_vdd1v0 
NOR2XL             8     8.208    slow_vdd1v0 
NOR3BX1            4     8.208    slow_vdd1v0 
NOR3X1             1     1.710    slow_vdd1v0 
NOR3X2             1     2.736    slow_vdd1v0 
NOR3XL             2     3.420    slow_vdd1v0 
NOR4BX1            4     9.576    slow_vdd1v0 
NOR4X1             7    11.970    slow_vdd1v0 
OA21X1             1     2.052    slow_vdd1v0 
OA22X1             1     2.394    slow_vdd1v0 
OAI211X1          36    61.560    slow_vdd1v0 
OAI21X1            1     1.710    slow_vdd1v0 
OAI221X1           3     7.182    slow_vdd1v0 
OAI222X1           1     2.736    slow_vdd1v0 
OAI22X1            1     2.052    slow_vdd1v0 
OAI22XL            1     2.052    slow_vdd1v0 
OAI2BB1X1          9    15.390    slow_vdd1v0 
OAI31X1            5    10.260    slow_vdd1v0 
OAI32X1            2     4.788    slow_vdd1v0 
OAI33X1            1     2.736    slow_vdd1v0 
OR2X1              6     8.208    slow_vdd1v0 
OR2X2              1     1.710    slow_vdd1v0 
OR2XL              6     8.208    slow_vdd1v0 
OR3X1              1     2.052    slow_vdd1v0 
OR3XL              1     2.052    slow_vdd1v0 
OR4X1              6    12.312    slow_vdd1v0 
SDFFRHQX1         39   320.112    slow_vdd1v0 
TIELO              1     1.026    slow_vdd1v0 
XNOR2X1           11    26.334    slow_vdd1v0 
----------------------------------------------
total            517  1317.384                


                                         
     Type      Instances   Area   Area % 
-----------------------------------------
sequential           103  727.092   55.2 
inverter              54   36.936    2.8 
buffer                 1    1.710    0.1 
logic                359  551.646   41.9 
physical_cells         0    0.000    0.0 
-----------------------------------------
total                517 1317.384  100.0 

