============================================================
  Generated by:           Genus(TM) Synthesis Solution 19.14-s108_1
  Generated on:           Aug 29 2026  05:49:40 pm
  Module:                 tp_lvl_tw12
  Operating conditions:   PVT_0P9V_125C (balanced_tree)
  Wireload mode:          enclosed
  Area mode:              timing library
============================================================

Timing
--------

     Clock     Period 
----------------------
core_clk       5000.0 
io_virtual_clk 5000.0 


     Cost        Critical         Violating 
     Group      Path Slack  TNS     Paths   
--------------------------------------------
core_clk            1952.2   0.0          0 
default           No paths   0.0            
io_virtual_clk      1560.3   0.0          0 
--------------------------------------------
Total                        0.0          0 

Instance Count
--------------
Leaf Instance Count             517 
Physical Instance count           0 
Sequential Instance Count       103 
Combinational Instance Count    414 
Hierarchical Instance Count       0 

Area
----
Cell Area                          1317.384
Physical Cell Area                 0.000
Total Cell Area (Cell+Physical)    1317.384
Net Area                           0.000
Total Area (Cell+Physical+Net)     1317.384

Max Fanout                         103 (clk)
Min Fanout                         0 (dut_u_wr_downstream_aw_done)
Average Fanout                     2.1
Terms to net ratio                 2.8060
Terms to instance ratio            3.7776
Runtime                            13.315627000000001 seconds
Elapsed Runtime                    16 seconds
Genus peak memory usage            1068.23 
Innovus peak memory usage          no_value 
Hostname                           ssh-soc.ece.ubc.ca
