============================================================
  Generated by:           Genus(TM) Synthesis Solution 19.14-s108_1
  Generated on:           Aug 29 2026  05:49:57 pm
  Module:                 tp_lvl_tw16
  Technology library:     slow_vdd1v0 1.0
  Operating conditions:   PVT_0P9V_125C (balanced_tree)
  Wireload mode:          enclosed
  Area mode:              timing library
============================================================

                               
   Gate    Instances    Area       Library    
----------------------------------------------
ADDHX1             1     3.762    slow_vdd1v0 
AND2X1            39    53.352    slow_vdd1v0 
AND2XL             6     8.208    slow_vdd1v0 
AND3X1             2     4.788    slow_vdd1v0 
AND3XL             1     2.052    slow_vdd1v0 
AO21X1             4     9.576    slow_vdd1v0 
AOI21X1            6    10.260    slow_vdd1v0 
AOI21XL           39    66.690    slow_vdd1v0 
AOI221X1           3     7.182    slow_vdd1v0 
AOI22X1            6    12.312    slow_vdd1v0 
AOI22XL            1     2.052    slow_vdd1v0 
AOI32X1            1     2.394    slow_vdd1v0 
AOI33XL            1     2.394    slow_vdd1v0 
CLKBUFX2           1     1.710    slow_vdd1v0 
DFFRHQX1          62   381.672    slow_vdd1v0 
DFFRX1            16   109.440    slow_vdd1v0 
INVX1             60    41.040    slow_vdd1v0 
INVXL              6     4.104    slow_vdd1v0 
MX2XL              2     4.788    slow_vdd1v0 
MXI2XL             4     9.576    slow_vdd1v0 
NAND2BX1           8    10.944    slow_vdd1v0 
NAND2X1           78    80.028    slow_vdd1v0 
NAND2X2            1     1.710    slow_vdd1v0 
NAND2XL           26    26.676    slow_vdd1v0 
NAND3BXL           3     5.130    slow_vdd1v0 
NAND3X1            2     3.420    slow_vdd1v0 
NAND4BBXL          1     3.078    slow_vdd1v0 
NAND4XL            4     6.840    slow_vdd1v0 
NOR2BX1           15    20.520    slow_vdd1v0 
NOR2BX2            1     2.736    slow_vdd1v0 
NOR2X1            23    23.598    slow_vdd1v0 
NOR2X2             2     3.420    slow_vdd1v0 
NOR2XL             7     7.182    slow_vdd1v0 
NOR3BX1            2     4.104    slow_vdd1v0 
NOR3X1             2     3.420    slow_vdd1v0 
NOR3XL             1     1.710    slow_vdd1v0 
NOR4BBX1           1     2.736    slow_vdd1v0 
NOR4BX1            4     9.576    slow_vdd1v0 
NOR4X1            10    17.100    slow_vdd1v0 
OA22X1             1     2.394    slow_vdd1v0 
OAI211X1          49    83.790    slow_vdd1v0 
OAI21X1            2     3.420    slow_vdd1v0 
OAI221X1           2     4.788    slow_vdd1v0 
OAI22X1            1     2.052    slow_vdd1v0 
OAI22XL            1     2.052    slow_vdd1v0 
OAI2BB1X1          7    11.970    slow_vdd1v0 
OAI31X1            5    10.260    slow_vdd1v0 
OAI32X1            1     2.394    slow_vdd1v0 
OAI33X1            1     2.736    slow_vdd1v0 
OR2X1              4     5.472    slow_vdd1v0 
OR2X2              1     1.710    slow_vdd1v0 
OR2XL             12    16.416    slow_vdd1v0 
OR3X1              1     2.052    slow_vdd1v0 
OR3XL              2     4.104    slow_vdd1v0 
OR4X1              5    10.260    slow_vdd1v0 
SDFFRHQX1         37   303.696    slow_vdd1v0 
TIEHI              1     1.026    slow_vdd1v0 
TIELO              1     1.026    slow_vdd1v0 
XNOR2X1           12    28.728    slow_vdd1v0 
----------------------------------------------
total            598  1471.626                


                                         
     Type      Instances   Area   Area % 
-----------------------------------------
sequential           115  794.808   54.0 
inverter              66   45.144    3.1 
buffer                 1    1.710    0.1 
logic                416  629.964   42.8 
physical_cells         0    0.000    0.0 
-----------------------------------------
total                598 1471.626  100.0 

