============================================================
  Generated by:           Genus(TM) Synthesis Solution 19.14-s108_1
  Generated on:           Aug 29 2026  05:50:22 pm
  Module:                 tp_lvl_tw24
  Technology library:     slow_vdd1v0 1.0
  Operating conditions:   PVT_0P9V_125C (balanced_tree)
  Wireload mode:          enclosed
  Area mode:              timing library
============================================================

                               
   Gate    Instances    Area       Library    
----------------------------------------------
ADDHX1             3    11.286    slow_vdd1v0 
AND2X1            43    58.824    slow_vdd1v0 
AND2XL            11    15.048    slow_vdd1v0 
AND3X1             2     4.788    slow_vdd1v0 
AND3XL             3     6.156    slow_vdd1v0 
AO21X1             3     7.182    slow_vdd1v0 
AOI21X1            4     6.840    slow_vdd1v0 
AOI21XL            1     1.710    slow_vdd1v0 
AOI221X1           4     9.576    slow_vdd1v0 
AOI22X1           70   143.640    slow_vdd1v0 
AOI22XL            2     4.104    slow_vdd1v0 
AOI2BB1X1          9    18.468    slow_vdd1v0 
AOI31X1            1     2.052    slow_vdd1v0 
AOI32X1            2     4.788    slow_vdd1v0 
AOI33XL            1     2.394    slow_vdd1v0 
CLKBUFX2           1     1.710    slow_vdd1v0 
CLKXOR2X1          1     2.736    slow_vdd1v0 
DFFRHQX1          84   517.104    slow_vdd1v0 
DFFRX1            18   123.120    slow_vdd1v0 
INVX1             24    16.416    slow_vdd1v0 
INVXL              6     4.104    slow_vdd1v0 
MX2XL              1     2.394    slow_vdd1v0 
MXI2XL             4     9.576    slow_vdd1v0 
NAND2BX1           7     9.576    slow_vdd1v0 
NAND2BXL           1     1.368    slow_vdd1v0 
NAND2X1           46    47.196    slow_vdd1v0 
NAND2X2            3     5.130    slow_vdd1v0 
NAND2XL            4     4.104    slow_vdd1v0 
NAND3BXL           5     8.550    slow_vdd1v0 
NAND3X1            4     6.840    slow_vdd1v0 
NAND4BX1           2     4.788    slow_vdd1v0 
NAND4XL           16    27.360    slow_vdd1v0 
NOR2BX1           35    47.880    slow_vdd1v0 
NOR2X1            50    51.300    slow_vdd1v0 
NOR2X2             1     1.710    slow_vdd1v0 
NOR2XL            54    55.404    slow_vdd1v0 
NOR3BX1            3     6.156    slow_vdd1v0 
NOR3X1             2     3.420    slow_vdd1v0 
NOR3XL             1     1.710    slow_vdd1v0 
NOR4BX1            4     9.576    slow_vdd1v0 
NOR4X1            16    27.360    slow_vdd1v0 
NOR4X2             1     3.420    slow_vdd1v0 
OA21X1            28    57.456    slow_vdd1v0 
OA22X1             1     2.394    slow_vdd1v0 
OAI211X1           8    13.680    slow_vdd1v0 
OAI21X1            3     5.130    slow_vdd1v0 
OAI221X1           3     7.182    slow_vdd1v0 
OAI22X1            2     4.104    slow_vdd1v0 
OAI2BB1X1          6    10.260    slow_vdd1v0 
OAI31X1            5    10.260    slow_vdd1v0 
OAI33X1            1     2.736    slow_vdd1v0 
OR2X1              5     6.840    slow_vdd1v0 
OR2X2              1     1.710    slow_vdd1v0 
OR2XL              8    10.944    slow_vdd1v0 
OR3X1              1     2.052    slow_vdd1v0 
OR3XL              2     4.104    slow_vdd1v0 
OR4X1              5    10.260    slow_vdd1v0 
SDFFRHQX1         37   303.696    slow_vdd1v0 
TIEHI              1     1.026    slow_vdd1v0 
TIELO              1     1.026    slow_vdd1v0 
XNOR2X1           32    76.608    slow_vdd1v0 
----------------------------------------------
total            703  1828.332                


                                         
     Type      Instances   Area   Area % 
-----------------------------------------
sequential           139  943.920   51.6 
inverter              30   20.520    1.1 
buffer                 1    1.710    0.1 
logic                533  862.182   47.2 
physical_cells         0    0.000    0.0 
-----------------------------------------
total                703 1828.332  100.0 

