============================================================
  Generated by:           Genus(TM) Synthesis Solution 19.14-s108_1
  Generated on:           Aug 29 2026  05:50:23 pm
  Module:                 tp_lvl_tw24
  Operating conditions:   PVT_0P9V_125C (balanced_tree)
  Wireload mode:          enclosed
  Area mode:              timing library
============================================================

Timing
--------

     Clock     Period 
----------------------
core_clk       5000.0 
io_virtual_clk 5000.0 


     Cost        Critical         Violating 
     Group      Path Slack  TNS     Paths   
--------------------------------------------
core_clk            2001.1   0.0          0 
default           No paths   0.0            
io_virtual_clk      1560.0   0.0          0 
--------------------------------------------
Total                        0.0          0 

Instance Count
--------------
Leaf Instance Count             703 
Physical Instance count           0 
Sequential Instance Count       139 
Combinational Instance Count    564 
Hierarchical Instance Count       0 

Area
----
Cell Area                          1828.332
Physical Cell Area                 0.000
Total Cell Area (Cell+Physical)    1828.332
Net Area                           0.000
Total Area (Cell+Physical+Net)     1828.332

Max Fanout                         139 (clk)
Min Fanout                         0 (dut_u_wr_downstream_aw_done)
Average Fanout                     2.2
Terms to net ratio                 3.0441
Terms to instance ratio            3.8279
Runtime                            16.378495 seconds
Elapsed Runtime                    23 seconds
Genus peak memory usage            1064.00 
Innovus peak memory usage          no_value 
Hostname                           ssh-soc.ece.ubc.ca
