============================================================
  Generated by:           Genus(TM) Synthesis Solution 19.14-s108_1
  Generated on:           Aug 29 2026  05:49:22 pm
  Module:                 tp_lvl_tw9
  Technology library:     slow_vdd1v0 1.0
  Operating conditions:   PVT_0P9V_125C (balanced_tree)
  Wireload mode:          enclosed
  Area mode:              timing library
============================================================

                               
   Gate    Instances    Area       Library    
----------------------------------------------
AND2X1            41    56.088    slow_vdd1v0 
AND2XL             4     5.472    slow_vdd1v0 
AND3X1             1     2.394    slow_vdd1v0 
AND3XL             3     6.156    slow_vdd1v0 
AND4X1             1     2.394    slow_vdd1v0 
AO21X1             3     7.182    slow_vdd1v0 
AOI211XL           1     2.052    slow_vdd1v0 
AOI21X1           10    17.100    slow_vdd1v0 
AOI21XL           13    22.230    slow_vdd1v0 
AOI221X1           5    11.970    slow_vdd1v0 
AOI22X1            4     8.208    slow_vdd1v0 
AOI2BB1X1          2     4.104    slow_vdd1v0 
AOI2BB1XL          1     2.052    slow_vdd1v0 
AOI2BB2X1          1     3.420    slow_vdd1v0 
CLKXOR2X1          1     2.736    slow_vdd1v0 
DFFRHQX1          46   283.176    slow_vdd1v0 
DFFRX1             8    54.720    slow_vdd1v0 
INVX1             33    22.572    slow_vdd1v0 
INVXL              4     2.736    slow_vdd1v0 
MX2X1              1     2.394    slow_vdd1v0 
MX2XL              1     2.394    slow_vdd1v0 
MXI2XL             3     7.182    slow_vdd1v0 
NAND2BX1          16    21.888    slow_vdd1v0 
NAND2BXL           3     4.104    slow_vdd1v0 
NAND2X1           61    62.586    slow_vdd1v0 
NAND2XL            7     7.182    slow_vdd1v0 
NAND3BXL           4     6.840    slow_vdd1v0 
NAND3X1            1     1.710    slow_vdd1v0 
NAND4XL            2     3.420    slow_vdd1v0 
NOR2BX1           17    23.256    slow_vdd1v0 
NOR2X1            18    18.468    slow_vdd1v0 
NOR2X2             2     3.420    slow_vdd1v0 
NOR2XL            10    10.260    slow_vdd1v0 
NOR3BX1            2     4.104    slow_vdd1v0 
NOR3X1             2     3.420    slow_vdd1v0 
NOR3XL             1     1.710    slow_vdd1v0 
NOR4BX1            1     2.394    slow_vdd1v0 
NOR4X1             6    10.260    slow_vdd1v0 
OA21X1             2     4.104    slow_vdd1v0 
OAI211X1          28    47.880    slow_vdd1v0 
OAI21X1            2     3.420    slow_vdd1v0 
OAI222X1           1     2.736    slow_vdd1v0 
OAI22X1            2     4.104    slow_vdd1v0 
OAI22XL            2     4.104    slow_vdd1v0 
OAI2BB1X1          3     5.130    slow_vdd1v0 
OAI31X1            1     2.052    slow_vdd1v0 
OAI32X1            1     2.394    slow_vdd1v0 
OAI33X1            1     2.736    slow_vdd1v0 
OR2X1              4     5.472    slow_vdd1v0 
OR2X2              1     1.710    slow_vdd1v0 
OR2XL              6     8.208    slow_vdd1v0 
OR3X1              2     4.104    slow_vdd1v0 
OR3XL              1     2.052    slow_vdd1v0 
OR4X1              7    14.364    slow_vdd1v0 
SDFFRHQX1         40   328.320    slow_vdd1v0 
TIELO              1     1.026    slow_vdd1v0 
XNOR2X1            8    19.152    slow_vdd1v0 
XOR2XL             1     2.736    slow_vdd1v0 
----------------------------------------------
total            454  1179.558                


                                         
     Type      Instances   Area   Area % 
-----------------------------------------
sequential            94  666.216   56.5 
inverter              37   25.308    2.1 
logic                323  488.034   41.4 
physical_cells         0    0.000    0.0 
-----------------------------------------
total                454 1179.558  100.0 

