============================================================
  Generated by:           Genus(TM) Synthesis Solution 19.14-s108_1
  Generated on:           Aug 29 2026  05:49:23 pm
  Module:                 tp_lvl_tw9
  Operating conditions:   PVT_0P9V_125C (balanced_tree)
  Wireload mode:          enclosed
  Area mode:              timing library
============================================================

Timing
--------

     Clock     Period 
----------------------
core_clk       5000.0 
io_virtual_clk 5000.0 


     Cost        Critical         Violating 
     Group      Path Slack  TNS     Paths   
--------------------------------------------
core_clk            1703.3   0.0          0 
default           No paths   0.0            
io_virtual_clk      1593.1   0.0          0 
--------------------------------------------
Total                        0.0          0 

Instance Count
--------------
Leaf Instance Count             454 
Physical Instance count           0 
Sequential Instance Count        94 
Combinational Instance Count    360 
Hierarchical Instance Count       0 

Area
----
Cell Area                          1179.558
Physical Cell Area                 0.000
Total Cell Area (Cell+Physical)    1179.558
Net Area                           0.000
Total Area (Cell+Physical+Net)     1179.558

Max Fanout                         94 (clk)
Min Fanout                         0 (rst_n)
Average Fanout                     2.1
Terms to net ratio                 2.7347
Terms to instance ratio            3.7467
Runtime                            12.383952999999998 seconds
Elapsed Runtime                    15 seconds
Genus peak memory usage            1065.70 
Innovus peak memory usage          no_value 
Hostname                           ssh-soc.ece.ubc.ca
